<html>
<body>
<pre>
<h1>礦ision Build Log</h1>
<h2>Project:</h2>
F:\6800-em3 v22\光盘资料\步骤4 ARM 例程\1 ARM例程\STM32例程\STM32-ADDA-PCF8591\新建文件夹\stm32-pcf8591.uvproj
Project File Date:  <unknown>

<h2>Output:</h2>
Build target 'HC6800-EM3'
compiling main.c...
compiling I2C.C...
assembling STM32F10x.s...
linking...
Program Size: Code=2992 RO-data=268 RW-data=36 ZI-data=708  
FromELF: creating hex file...
"stm32-pcf8591.axf" - 0 Error(s), 0 Warning(s).
Build target 'HC6800-EM3'
compiling main.c...
compiling I2C.C...
assembling STM32F10x.s...
linking...
Program Size: Code=2992 RO-data=268 RW-data=36 ZI-data=708  
FromELF: creating hex file...
"stm32-pcf8591.axf" - 0 Error(s), 0 Warning(s).
Build target 'HC6800-EM3'
compiling main.c...
compiling I2C.C...
assembling STM32F10x.s...
linking...
Program Size: Code=2992 RO-data=268 RW-data=36 ZI-data=708  
FromELF: creating hex file...
"stm32-pcf8591.axf" - 0 Error(s), 0 Warning(s).
Build target 'HC6800-EM3'
compiling main.c...
compiling I2C.C...
assembling STM32F10x.s...
linking...
Program Size: Code=2992 RO-data=268 RW-data=36 ZI-data=708  
FromELF: creating hex file...
"stm32-pcf8591.axf" - 0 Error(s), 0 Warning(s).
